// Vitest Snapshot v1, https://vitest.dev/guide/snapshot.html

exports[`App component > matches the snapshot 1`] = `
<DocumentFragment>
  <div
    class="app-container"
  >
    <div
      class="content"
    >
      <div
        class="welcome-component"
      >
        <a
          href="/index"
        >
          <div
            class="welcome-container"
          >
            <h1
              class="welcome-text"
            >
              echium_photo
            </h1>
            <img
              alt="Welcome Image - Click Me"
              class="welcome-background"
              src="https://res.cloudinary.com/dfacllhgp/image/upload/v1722867682/430299530011_mdrw8l.jpg"
              title="click me"
            />
          </div>
        </a>
      </div>
    </div>
  </div>
</DocumentFragment>
`;
